0 verbose cli C:\Program Files\nodejs\node.exe C:\Program Files\nodejs\node_modules\npm\bin\npm-cli.js
1 info using npm@11.12.1
2 info using node@v24.15.0
3 silly config load:file:C:\Program Files\nodejs\node_modules\npm\npmrc
4 silly config load:file:E:\Apps\Laragon\www\laravel-13-phoenix\.npmrc
5 silly config load:file:C:\Users\CAHYO\.npmrc
6 silly config load:file:C:\Users\CAHYO\AppData\Roaming\npm\etc\npmrc
7 verbose title npm exec playwright-cli --session tabsdemo eval (() => { const w = window.elementor?.widgetsCache?.tabs; if (!w) return 'NO_TABS_WIDGET'; const controls = Object.entries(w.controls || {}).map(([key,val]) => ({ key, type: val?.type, label: val?.label, tab: val?.tab, section: val?.section, default: val?.default, options: val?.options ? Object.keys(val.options).slice(0,10) : undefined })); return JSON.stringify(controls.slice(0, 120), null, 2); })()
8 verbose argv "exec" "--cache" "E:\\Apps\\Laragon\\www\\laravel-13-phoenix\\.npm-cache" "--yes" "--package" "@playwright/cli" "--" "playwright-cli" "--session" "tabsdemo" "eval" "(() => { const w = window.elementor?.widgetsCache?.tabs; if (!w) return 'NO_TABS_WIDGET'; const controls = Object.entries(w.controls || {}).map(([key,val]) => ({ key, type: val?.type, label: val?.label, tab: val?.tab, section: val?.section, default: val?.default, options: val?.options ? Object.keys(val.options).slice(0,10) : undefined })); return JSON.stringify(controls.slice(0, 120), null, 2); })()"
9 verbose logfile logs-max:10 dir:E:\Apps\Laragon\www\laravel-13-phoenix\.npm-cache\_logs\2026-06-25T08_54_42_382Z-
10 verbose logfile E:\Apps\Laragon\www\laravel-13-phoenix\.npm-cache\_logs\2026-06-25T08_54_42_382Z-debug-0.log
11 silly logfile done cleaning log files
12 silly packumentCache heap:4496293888 maxSize:1124073472 maxEntrySize:562036736
13 http fetch GET 200 https://registry.npmjs.org/@playwright%2fcli 148ms (cache miss)
14 silly packumentCache heap:4496293888 maxSize:1124073472 maxEntrySize:562036736
15 silly idealTree buildDeps
16 silly fetch manifest @playwright/cli@0.1.14
17 silly packumentCache full:https://registry.npmjs.org/@playwright%2fcli cache-miss
18 http cache https://registry.npmjs.org/@playwright%2fcli 34ms (cache hit)
19 silly packumentCache full:https://registry.npmjs.org/@playwright%2fcli set size:66406 disposed:false
20 silly placeDep ROOT @playwright/cli@0.1.14 REPLACE for:  want: 0.1.14
21 silly fetch manifest playwright-core@1.61.0-alpha-1781023400000
22 silly packumentCache full:https://registry.npmjs.org/playwright-core cache-miss
23 http cache https://registry.npmjs.org/playwright-core 188ms (cache hit)
24 silly packumentCache full:https://registry.npmjs.org/playwright-core set size:18165661 disposed:false
25 silly placeDep ROOT playwright-core@1.61.0-alpha-1781023400000 OK for: @playwright/cli@0.1.14 want: 1.61.0-alpha-1781023400000
26 silly reify mark retired [
26 silly reify   'E:\\Apps\\Laragon\\www\\laravel-13-phoenix\\.npm-cache\\_npx\\31e32ef8478fbf80\\node_modules\\playwright-core'
26 silly reify ]
27 silly reify mark retired [
27 silly reify   'E:\\Apps\\Laragon\\www\\laravel-13-phoenix\\.npm-cache\\_npx\\31e32ef8478fbf80\\node_modules\\@playwright\\cli',
27 silly reify   'E:\\Apps\\Laragon\\www\\laravel-13-phoenix\\.npm-cache\\_npx\\31e32ef8478fbf80\\node_modules\\.bin\\playwright-cli',
27 silly reify   'E:\\Apps\\Laragon\\www\\laravel-13-phoenix\\.npm-cache\\_npx\\31e32ef8478fbf80\\node_modules\\.bin\\playwright-cli.cmd',
27 silly reify   'E:\\Apps\\Laragon\\www\\laravel-13-phoenix\\.npm-cache\\_npx\\31e32ef8478fbf80\\node_modules\\.bin\\playwright-cli.ps1'
27 silly reify ]
28 silly reify mark retired [
28 silly reify   'E:\\Apps\\Laragon\\www\\laravel-13-phoenix\\.npm-cache\\_npx\\31e32ef8478fbf80\\node_modules\\playwright',
28 silly reify   'E:\\Apps\\Laragon\\www\\laravel-13-phoenix\\.npm-cache\\_npx\\31e32ef8478fbf80\\node_modules\\.bin\\playwright',
28 silly reify   'E:\\Apps\\Laragon\\www\\laravel-13-phoenix\\.npm-cache\\_npx\\31e32ef8478fbf80\\node_modules\\.bin\\playwright.cmd',
28 silly reify   'E:\\Apps\\Laragon\\www\\laravel-13-phoenix\\.npm-cache\\_npx\\31e32ef8478fbf80\\node_modules\\.bin\\playwright.ps1'
28 silly reify ]
29 silly reify moves {
29 silly reify   'E:\\Apps\\Laragon\\www\\laravel-13-phoenix\\.npm-cache\\_npx\\31e32ef8478fbf80\\node_modules\\playwright-core': 'E:\\Apps\\Laragon\\www\\laravel-13-phoenix\\.npm-cache\\_npx\\31e32ef8478fbf80\\node_modules\\.playwright-core-pSQYPrmn',
29 silly reify   'E:\\Apps\\Laragon\\www\\laravel-13-phoenix\\.npm-cache\\_npx\\31e32ef8478fbf80\\node_modules\\@playwright\\cli': 'E:\\Apps\\Laragon\\www\\laravel-13-phoenix\\.npm-cache\\_npx\\31e32ef8478fbf80\\node_modules\\@playwright\\.cli-c1jfi3z6',
29 silly reify   'E:\\Apps\\Laragon\\www\\laravel-13-phoenix\\.npm-cache\\_npx\\31e32ef8478fbf80\\node_modules\\.bin\\playwright-cli': 'E:\\Apps\\Laragon\\www\\laravel-13-phoenix\\.npm-cache\\_npx\\31e32ef8478fbf80\\node_modules\\.bin\\.playwright-cli-yo1nH7At',
29 silly reify   'E:\\Apps\\Laragon\\www\\laravel-13-phoenix\\.npm-cache\\_npx\\31e32ef8478fbf80\\node_modules\\.bin\\playwright-cli.cmd': 'E:\\Apps\\Laragon\\www\\laravel-13-phoenix\\.npm-cache\\_npx\\31e32ef8478fbf80\\node_modules\\.bin\\.playwright-cli.cmd-6daKIQqv',
29 silly reify   'E:\\Apps\\Laragon\\www\\laravel-13-phoenix\\.npm-cache\\_npx\\31e32ef8478fbf80\\node_modules\\.bin\\playwright-cli.ps1': 'E:\\Apps\\Laragon\\www\\laravel-13-phoenix\\.npm-cache\\_npx\\31e32ef8478fbf80\\node_modules\\.bin\\.playwright-cli.ps1-huVcgT0V',
29 silly reify   'E:\\Apps\\Laragon\\www\\laravel-13-phoenix\\.npm-cache\\_npx\\31e32ef8478fbf80\\node_modules\\playwright': 'E:\\Apps\\Laragon\\www\\laravel-13-phoenix\\.npm-cache\\_npx\\31e32ef8478fbf80\\node_modules\\.playwright-oCmHDMJz',
29 silly reify   'E:\\Apps\\Laragon\\www\\laravel-13-phoenix\\.npm-cache\\_npx\\31e32ef8478fbf80\\node_modules\\.bin\\playwright': 'E:\\Apps\\Laragon\\www\\laravel-13-phoenix\\.npm-cache\\_npx\\31e32ef8478fbf80\\node_modules\\.bin\\.playwright-Vfw0XvEq',
29 silly reify   'E:\\Apps\\Laragon\\www\\laravel-13-phoenix\\.npm-cache\\_npx\\31e32ef8478fbf80\\node_modules\\.bin\\playwright.cmd': 'E:\\Apps\\Laragon\\www\\laravel-13-phoenix\\.npm-cache\\_npx\\31e32ef8478fbf80\\node_modules\\.bin\\.playwright.cmd-9AG09oTI',
29 silly reify   'E:\\Apps\\Laragon\\www\\laravel-13-phoenix\\.npm-cache\\_npx\\31e32ef8478fbf80\\node_modules\\.bin\\playwright.ps1': 'E:\\Apps\\Laragon\\www\\laravel-13-phoenix\\.npm-cache\\_npx\\31e32ef8478fbf80\\node_modules\\.bin\\.playwright.ps1-R29ByBoy'
29 silly reify }
30 silly audit bulk request {
30 silly audit   playwright: [ '1.61.0-alpha-1781023400000' ],
30 silly audit   '@playwright/cli': [ '0.1.14' ],
30 silly audit   'playwright-core': [ '1.61.0-alpha-1781023400000' ]
30 silly audit }
31 http cache playwright-core@https://registry.npmjs.org/playwright-core/-/playwright-core-1.61.0-alpha-1781023400000.tgz 0ms (cache hit)
32 http cache @playwright/cli@https://registry.npmjs.org/@playwright/cli/-/cli-0.1.14.tgz 0ms (cache hit)
33 silly packumentCache corgi:https://registry.npmjs.org/playwright cache-miss
34 silly tarball no local data for playwright-core@https://registry.npmjs.org/playwright-core/-/playwright-core-1.61.0-alpha-1781023400000.tgz. Extracting by manifest.
35 http fetch POST 200 https://registry.npmjs.org/-/npm/v1/security/advisories/bulk 358ms
36 silly audit report {}
37 http fetch GET 200 https://registry.npmjs.org/playwright 743ms (cache miss)
38 silly packumentCache corgi:https://registry.npmjs.org/playwright set size:undefined disposed:false
39 http cache https://registry.npmjs.org/playwright/-/playwright-1.61.0-alpha-1781023400000.tgz 71ms (cache hit)
40 verbose stack Error: Lock compromised
40 verbose stack     at AbortSignal.<anonymous> (C:\Program Files\nodejs\node_modules\npm\node_modules\libnpmexec\lib\with-lock.js:53:30)
40 verbose stack     at [nodejs.internal.kHybridDispatch] (node:internal/event_target:843:20)
40 verbose stack     at AbortSignal.dispatchEvent (node:internal/event_target:776:26)
40 verbose stack     at runAbort (node:internal/abort_controller:488:10)
40 verbose stack     at abortSignal (node:internal/abort_controller:459:3)
40 verbose stack     at AbortController.abort (node:internal/abort_controller:507:5)
40 verbose stack     at Timeout.touchLock (C:\Program Files\nodejs\node_modules\npm\node_modules\libnpmexec\lib\with-lock.js:164:18)
41 error code ECOMPROMISED
42 error Lock compromised
43 silly unfinished npm timer reify 1782377686503
44 silly unfinished npm timer reify:unpack 1782377687315
45 silly unfinished npm timer reifyNode:node_modules/playwright-core 1782377687315
46 verbose cwd E:\Apps\Laragon\www\laravel-13-phoenix
47 verbose os Windows_NT 10.0.26200
48 verbose node v24.15.0
49 verbose npm  v11.12.1
50 verbose exit 1
51 verbose code 1
52 error A complete log of this run can be found in: E:\Apps\Laragon\www\laravel-13-phoenix\.npm-cache\_logs\2026-06-25T08_54_42_382Z-debug-0.log
