0 verbose cli C:\Program Files\nodejs\node.exe C:\Program Files\nodejs\node_modules\npm\bin\npm-cli.js
0 verbose cli C:\Program Files\nodejs\node.exe C:\Program Files\nodejs\node_modules\npm\bin\npm-cli.js
1 info using npm@11.12.1
1 info using npm@11.12.1
2 info using node@v24.15.0
3 silly config load:file:C:\Program Files\nodejs\node_modules\npm\npmrc
2 info using node@v24.15.0
4 silly config load:file:E:\Apps\Laragon\www\laravel-13-phoenix\mockups\pagebuilder-v23-responsive-hero-prototype\.npmrc
5 silly config load:file:C:\Users\CAHYO\.npmrc
6 silly config load:file:C:\Users\CAHYO\AppData\Roaming\npm\etc\npmrc
3 silly config load:file:C:\Program Files\nodejs\node_modules\npm\npmrc
4 silly config load:file:E:\Apps\Laragon\www\laravel-13-phoenix\mockups\pagebuilder-v23-responsive-hero-prototype\.npmrc
5 silly config load:file:C:\Users\CAHYO\.npmrc
7 verbose title npm run check
6 silly config load:file:C:\Users\CAHYO\AppData\Roaming\npm\etc\npmrc
8 verbose argv "run" "check"
7 verbose title npm run build
8 verbose argv "run" "build"
9 verbose logfile logs-max:10 dir:E:\Apps\Laragon\www\laravel-13-phoenix\mockups\pagebuilder-v23-responsive-hero-prototype\.npm-cache\_logs\2026-08-14T10_34_04_188Z-
9 verbose logfile logs-max:10 dir:E:\Apps\Laragon\www\laravel-13-phoenix\mockups\pagebuilder-v23-responsive-hero-prototype\.npm-cache\_logs\2026-08-14T10_34_04_188Z-
10 verbose logfile E:\Apps\Laragon\www\laravel-13-phoenix\mockups\pagebuilder-v23-responsive-hero-prototype\.npm-cache\_logs\2026-08-14T10_34_04_188Z-debug-0.log
10 verbose logfile E:\Apps\Laragon\www\laravel-13-phoenix\mockups\pagebuilder-v23-responsive-hero-prototype\.npm-cache\_logs\2026-08-14T10_34_04_188Z-debug-0.log
11 silly logfile start cleaning logs, removing 1 files
11 silly logfile start cleaning logs, removing 1 files
12 silly logfile done cleaning log files
12 silly logfile done cleaning log files
13 verbose cwd E:\Apps\Laragon\www\laravel-13-phoenix\mockups\pagebuilder-v23-responsive-hero-prototype
14 verbose os Windows_NT 10.0.26200
15 verbose node v24.15.0
16 verbose npm  v11.12.1
17 verbose exit 0
18 info ok
13 verbose cwd E:\Apps\Laragon\www\laravel-13-phoenix\mockups\pagebuilder-v23-responsive-hero-prototype
14 verbose os Windows_NT 10.0.26200
15 verbose node v24.15.0
16 verbose npm  v11.12.1
17 verbose exit 0
18 info ok
